Test start
Γ£à Firebase Admin ulandi (service account)
Init done. DB: Yes
Γ£à OK. Docs: 1
